MPLINK 4.49, Linker
Linker Map File - Created Sun Apr 25 13:20:58 2021

                                 Section Info
                  Section       Type    Address   Location Size(Bytes)
                ---------  ---------  ---------  ---------  ---------
                   .org_0       code   0x000000    program   0x000000
                   .org_1       code   0x000000    program   0x000004
                   .org_2       code   0x000008    program   0x000002
                   .org_3       code   0x000018    program   0x0002a6



                              Program Memory Usage 
                               Start         End      
                           ---------   ---------      
                            0x000000    0x000003      
                            0x000008    0x000009      
                            0x000018    0x0002bd      
            684 out of 33048 program addresses used, program memory utilization is 2%



                              Symbols - Sorted by Name
                     Name    Address   Location    Storage File                     
                ---------  ---------  ---------  --------- ---------                
                    IDnum   0x000240    program     static F:\Practical Project Microcontroller\Project on Proteus with Buzzer\buzzer.asm
                   again1   0x00001e    program     static F:\Practical Project Microcontroller\Project on Proteus with Buzzer\buzzer.asm
                   again2   0x000022    program     static F:\Practical Project Microcontroller\Project on Proteus with Buzzer\buzzer.asm
                  button1   0x0002a8    program     static F:\Practical Project Microcontroller\Project on Proteus with Buzzer\buzzer.asm
                  button2   0x0002ae    program     static F:\Practical Project Microcontroller\Project on Proteus with Buzzer\buzzer.asm
                  button3   0x0002b6    program     static F:\Practical Project Microcontroller\Project on Proteus with Buzzer\buzzer.asm
                   buzzer   0x00021c    program     static F:\Practical Project Microcontroller\Project on Proteus with Buzzer\buzzer.asm
                  delay1s   0x00001a    program     static F:\Practical Project Microcontroller\Project on Proteus with Buzzer\buzzer.asm
              resetbutton   0x000236    program     static F:\Practical Project Microcontroller\Project on Proteus with Buzzer\buzzer.asm
                    start   0x00029a    program     static F:\Practical Project Microcontroller\Project on Proteus with Buzzer\buzzer.asm



                              Symbols - Sorted by Address
                     Name    Address   Location    Storage File                     
                ---------  ---------  ---------  --------- ---------                
                  delay1s   0x00001a    program     static F:\Practical Project Microcontroller\Project on Proteus with Buzzer\buzzer.asm
                   again1   0x00001e    program     static F:\Practical Project Microcontroller\Project on Proteus with Buzzer\buzzer.asm
                   again2   0x000022    program     static F:\Practical Project Microcontroller\Project on Proteus with Buzzer\buzzer.asm
                   buzzer   0x00021c    program     static F:\Practical Project Microcontroller\Project on Proteus with Buzzer\buzzer.asm
              resetbutton   0x000236    program     static F:\Practical Project Microcontroller\Project on Proteus with Buzzer\buzzer.asm
                    IDnum   0x000240    program     static F:\Practical Project Microcontroller\Project on Proteus with Buzzer\buzzer.asm
                    start   0x00029a    program     static F:\Practical Project Microcontroller\Project on Proteus with Buzzer\buzzer.asm
                  button1   0x0002a8    program     static F:\Practical Project Microcontroller\Project on Proteus with Buzzer\buzzer.asm
                  button2   0x0002ae    program     static F:\Practical Project Microcontroller\Project on Proteus with Buzzer\buzzer.asm
                  button3   0x0002b6    program     static F:\Practical Project Microcontroller\Project on Proteus with Buzzer\buzzer.asm


